Using username "ladeesh.kuniyil-dxc.com".
Authenticating with public key "rsa-key-20181003"
Creating home directory for ladeesh.kuniyil-dxc.com.
[ladeesh.kuniyil-dxc.com@bastion ~]$ sudo -i
[root@bastion ~]#
[root@bastion ~]# cd /etc/ansible/
[root@bastion ansible]# ls
ansible.cfg  hosts  roles
[root@bastion ansible]# vi hosts
[root@bastion ansible]# vi /var/preserve/^C
[root@bastion ansible]# cd /var/preserve/
[root@bastion preserve]# ls
[root@bastion preserve]# vi hosts
[root@bastion preserve]# cd /etc/ansible/
[root@bastion ansible]# ls
ansible.cfg  hosts  roles
[root@bastion ansible]# vi hosts
[root@bastion ansible]# cp -p hosts hosts.org
[root@bastion ansible]#
[root@bastion ansible]# vi hosts
[root@bastion ansible]# vi hosts
[root@bastion ansible]# vi hosts
[root@bastion ansible]# ansible --list-hosts
Usage: ansible <host-pattern> [options]

Define and run a single task 'playbook' against a set of hosts

Options:
  -a MODULE_ARGS, --args=MODULE_ARGS
                        module arguments
  --ask-vault-pass      ask for vault password
  -B SECONDS, --background=SECONDS
                        run asynchronously, failing after X seconds
                        (default=N/A)
  -C, --check           don't make any changes; instead, try to predict some
                        of the changes that may occur
  -D, --diff            when changing (small) files and templates, show the
                        differences in those files; works great with --check
  -e EXTRA_VARS, --extra-vars=EXTRA_VARS
                        set additional variables as key=value or YAML/JSON, if
                        filename prepend with @
  -f FORKS, --forks=FORKS
                        specify number of parallel processes to use
                        (default=5)
  -h, --help            show this help message and exit
  -i INVENTORY, --inventory=INVENTORY, --inventory-file=INVENTORY
                        specify inventory host path or comma separated host
                        list. --inventory-file is deprecated
  -l SUBSET, --limit=SUBSET
                        further limit selected hosts to an additional pattern
  --list-hosts          outputs a list of matching hosts; does not execute
                        anything else
  -m MODULE_NAME, --module-name=MODULE_NAME
                        module name to execute (default=command)
  -M MODULE_PATH, --module-path=MODULE_PATH
                        prepend colon-separated path(s) to module library
                        (default=[u'/root/.ansible/plugins/modules',
                        u'/usr/share/ansible/plugins/modules'])
  -o, --one-line        condense output
  -P POLL_INTERVAL, --poll=POLL_INTERVAL
                        set the poll interval if using -B (default=15)
  --syntax-check        perform a syntax check on the playbook, but do not
                        execute it
  -t TREE, --tree=TREE  log output to this directory
  --vault-id=VAULT_IDS  the vault identity to use
  --vault-password-file=VAULT_PASSWORD_FILES
                        vault password file
  -v, --verbose         verbose mode (-vvv for more, -vvvv to enable
                        connection debugging)
  --version             show program's version number and exit

  Connection Options:
    control as whom and how to connect to hosts

    -k, --ask-pass      ask for connection password
    --private-key=PRIVATE_KEY_FILE, --key-file=PRIVATE_KEY_FILE
                        use this file to authenticate the connection
    -u REMOTE_USER, --user=REMOTE_USER
                        connect as this user (default=None)
    -c CONNECTION, --connection=CONNECTION
                        connection type to use (default=smart)
    -T TIMEOUT, --timeout=TIMEOUT
                        override the connection timeout in seconds
                        (default=10)
    --ssh-common-args=SSH_COMMON_ARGS
                        specify common arguments to pass to sftp/scp/ssh (e.g.
                        ProxyCommand)
    --sftp-extra-args=SFTP_EXTRA_ARGS
                        specify extra arguments to pass to sftp only (e.g. -f,
                        -l)
    --scp-extra-args=SCP_EXTRA_ARGS
                        specify extra arguments to pass to scp only (e.g. -l)
    --ssh-extra-args=SSH_EXTRA_ARGS
                        specify extra arguments to pass to ssh only (e.g. -R)

  Privilege Escalation Options:
    control how and which user you become as on target hosts

    -s, --sudo          run operations with sudo (nopasswd) (deprecated, use
                        become)
    -U SUDO_USER, --sudo-user=SUDO_USER
                        desired sudo user (default=root) (deprecated, use
                        become)
    -S, --su            run operations with su (deprecated, use become)
    -R SU_USER, --su-user=SU_USER
                        run operations with su as this user (default=None)
                        (deprecated, use become)
    -b, --become        run operations with become (does not imply password
                        prompting)
    --become-method=BECOME_METHOD
                        privilege escalation method to use (default=sudo),
                        valid choices: [ sudo | su | pbrun | pfexec | doas |
                        dzdo | ksu | runas | pmrun ]
    --become-user=BECOME_USER
                        run operations as this user (default=root)
    --ask-sudo-pass     ask for sudo password (deprecated, use become)
    --ask-su-pass       ask for su password (deprecated, use become)
    -K, --ask-become-pass
                        ask for privilege escalation password

Some modules do not make sense in Ad-Hoc (include, meta, etc)
ERROR! Missing target hosts
[root@bastion ansible]# ansible --list-hosts all
  hosts (11):
    loadbalancer1.fdc7.internal
    master1.fdc7.internal
    master2.fdc7.internal
    master3.fdc7.internal
    infranode1.fdc7.internal
    infranode2.fdc7.internal
    node1.fdc7.internal
    node2.fdc7.internal
    node3.fdc7.internal
    node4.fdc7.internal
    support1.fdc7.internal
[root@bastion ansible]# ansible --list-hosts masters
  hosts (3):
    master1.fdc7.internal
    master2.fdc7.internal
    master3.fdc7.internal
[root@bastion ansible]# ansible --list-hosts nodes
  hosts (9):
    master1.fdc7.internal
    master2.fdc7.internal
    master3.fdc7.internal
    infranode1.fdc7.internal
    infranode2.fdc7.internal
    node1.fdc7.internal
    node2.fdc7.internal
    node3.fdc7.internal
    node4.fdc7.internal
[root@bastion ansible]# ansible -m -ping all
master1.fdc7.internal | FAILED! => {
    "failed": true,
    "msg": "The module -ping was not found in configured module paths. Additionally, core modules are missing. If this is a checkout, run 'git pull --rebase' to correct this problem."
}
master2.fdc7.internal | FAILED! => {
    "failed": true,
    "msg": "The module -ping was not found in configured module paths. Additionally, core modules are missing. If this is a checkout, run 'git pull --rebase' to correct this problem."
}
loadbalancer1.fdc7.internal | FAILED! => {
    "failed": true,
    "msg": "The module -ping was not found in configured module paths. Additionally, core modules are missing. If this is a checkout, run 'git pull --rebase' to correct this problem."
}
master3.fdc7.internal | FAILED! => {
    "failed": true,
    "msg": "The module -ping was not found in configured module paths. Additionally, core modules are missing. If this is a checkout, run 'git pull --rebase' to correct this problem."
}
infranode1.fdc7.internal | FAILED! => {
    "failed": true,
    "msg": "The module -ping was not found in configured module paths. Additionally, core modules are missing. If this is a checkout, run 'git pull --rebase' to correct this problem."
}
infranode2.fdc7.internal | FAILED! => {
    "failed": true,
    "msg": "The module -ping was not found in configured module paths. Additionally, core modules are missing. If this is a checkout, run 'git pull --rebase' to correct this problem."
}
node2.fdc7.internal | FAILED! => {
    "failed": true,
    "msg": "The module -ping was not found in configured module paths. Additionally, core modules are missing. If this is a checkout, run 'git pull --rebase' to correct this problem."
}
node1.fdc7.internal | FAILED! => {
    "failed": true,
    "msg": "The module -ping was not found in configured module paths. Additionally, core modules are missing. If this is a checkout, run 'git pull --rebase' to correct this problem."
}
node3.fdc7.internal | FAILED! => {
    "failed": true,
    "msg": "The module -ping was not found in configured module paths. Additionally, core modules are missing. If this is a checkout, run 'git pull --rebase' to correct this problem."
}
node4.fdc7.internal | FAILED! => {
    "failed": true,
    "msg": "The module -ping was not found in configured module paths. Additionally, core modules are missing. If this is a checkout, run 'git pull --rebase' to correct this problem."
}
support1.fdc7.internal | FAILED! => {
    "failed": true,
    "msg": "The module -ping was not found in configured module paths. Additionally, core modules are missing. If this is a checkout, run 'git pull --rebase' to correct this problem."
}
[root@bastion ansible]# ansible localhost,all -m shell -a 'export GUID=`hostname | cut -d"." -f2`; echo "export GUID=$GUID" >> $HOME/.bashrc'
localhost | SUCCESS | rc=0 >>


loadbalancer1.fdc7.internal | SUCCESS | rc=0 >>


infranode1.fdc7.internal | SUCCESS | rc=0 >>


master1.fdc7.internal | SUCCESS | rc=0 >>


master2.fdc7.internal | SUCCESS | rc=0 >>


master3.fdc7.internal | SUCCESS | rc=0 >>


node1.fdc7.internal | SUCCESS | rc=0 >>


node4.fdc7.internal | SUCCESS | rc=0 >>


infranode2.fdc7.internal | SUCCESS | rc=0 >>


node2.fdc7.internal | SUCCESS | rc=0 >>


node3.fdc7.internal | SUCCESS | rc=0 >>


support1.fdc7.internal | SUCCESS | rc=0 >>


[root@bastion ansible]# ansible all -m ping
infranode1.fdc7.internal | SUCCESS => {
    "changed": false,
    "failed": false,
    "ping": "pong"
}
loadbalancer1.fdc7.internal | SUCCESS => {
    "changed": false,
    "failed": false,
    "ping": "pong"
}
master1.fdc7.internal | SUCCESS => {
    "changed": false,
    "failed": false,
    "ping": "pong"
}
master3.fdc7.internal | SUCCESS => {
    "changed": false,
    "failed": false,
    "ping": "pong"
}
master2.fdc7.internal | SUCCESS => {
    "changed": false,
    "failed": false,
    "ping": "pong"
}
infranode2.fdc7.internal | SUCCESS => {
    "changed": false,
    "failed": false,
    "ping": "pong"
}
node2.fdc7.internal | SUCCESS => {
    "changed": false,
    "failed": false,
    "ping": "pong"
}
node1.fdc7.internal | SUCCESS => {
    "changed": false,
    "failed": false,
    "ping": "pong"
}
node3.fdc7.internal | SUCCESS => {
    "changed": false,
    "failed": false,
    "ping": "pong"
}
node4.fdc7.internal | SUCCESS => {
    "changed": false,
    "failed": false,
    "ping": "pong"
}
support1.fdc7.internal | SUCCESS => {
    "changed": false,
    "failed": false,
    "ping": "pong"
}
[root@bastion ansible]# ansible nodes -m shell -a"systemctl status docker | grep Active"
master2.fdc7.internal | SUCCESS | rc=0 >>
   Active: active (running) since Wed 2018-10-17 01:15:03 UTC; 1h 31min ago

infranode1.fdc7.internal | SUCCESS | rc=0 >>
   Active: active (running) since Wed 2018-10-17 01:14:56 UTC; 1h 31min ago

master3.fdc7.internal | SUCCESS | rc=0 >>
   Active: active (running) since Wed 2018-10-17 01:15:05 UTC; 1h 31min ago

infranode2.fdc7.internal | SUCCESS | rc=0 >>
   Active: active (running) since Wed 2018-10-17 01:15:03 UTC; 1h 31min ago

master1.fdc7.internal | SUCCESS | rc=0 >>
   Active: active (running) since Wed 2018-10-17 01:15:07 UTC; 1h 31min ago

node1.fdc7.internal | SUCCESS | rc=0 >>
   Active: active (running) since Wed 2018-10-17 01:14:56 UTC; 1h 31min ago

node2.fdc7.internal | SUCCESS | rc=0 >>
   Active: active (running) since Wed 2018-10-17 01:14:56 UTC; 1h 31min ago

node3.fdc7.internal | SUCCESS | rc=0 >>
   Active: active (running) since Wed 2018-10-17 01:14:56 UTC; 1h 31min ago

node4.fdc7.internal | SUCCESS | rc=0 >>
   Active: active (running) since Wed 2018-10-17 01:14:56 UTC; 1h 31min ago

[root@bastion ansible]# ansible nodes -m shell -a"docker version|grep Version"
infranode1.fdc7.internal | SUCCESS | rc=0 >>
 Version:         1.13.1
 Version:         1.13.1

master2.fdc7.internal | SUCCESS | rc=0 >>
 Version:         1.13.1
 Version:         1.13.1

master1.fdc7.internal | SUCCESS | rc=0 >>
 Version:         1.13.1
 Version:         1.13.1

master3.fdc7.internal | SUCCESS | rc=0 >>
 Version:         1.13.1
 Version:         1.13.1

infranode2.fdc7.internal | SUCCESS | rc=0 >>
 Version:         1.13.1
 Version:         1.13.1

node2.fdc7.internal | SUCCESS | rc=0 >>
 Version:         1.13.1
 Version:         1.13.1

node3.fdc7.internal | SUCCESS | rc=0 >>
 Version:         1.13.1
 Version:         1.13.1

node1.fdc7.internal | SUCCESS | rc=0 >>
 Version:         1.13.1
 Version:         1.13.1

node4.fdc7.internal | SUCCESS | rc=0 >>
 Version:         1.13.1
 Version:         1.13.1

[root@bastion ansible]# yum repolist
Loaded plugins: amazon-id, rhui-lb, search-disabled-repos
repo id                                                    repo name                                                                     status
rh-gluster-3-client-for-rhel-7-server-rpms                 Red Hat Enterprise Linux GlusterFS Client (RPMs)                                 183
rhel-7-fast-datapath-rpms                                  Red Hat Enterprise Linux Fast Datapath (RHEL 7 Server) (RPMs)                    102
rhel-7-server-ansible-2.4-rpms                             Red Hat Enterprise Linux Ansible (RPMs)                                           23
rhel-7-server-extras-rpms                                  Red Hat Enterprise Linux 7 Extras                                                901
rhel-7-server-optional-rpms                                Red Hat Enterprise Linux 7 Optional                                           15,307
rhel-7-server-ose-3.10-rpms                                Red Hat Enterprise Linux 7 OSE 3.10                                              561
rhel-7-server-rh-common-rpms                               Red Hat Enterprise Linux 7 Common                                                233
rhel-7-server-rpms                                         Red Hat Enterprise Linux 7                                                    20,920
repolist: 38,230
[root@bastion ansible]# ansible all -m shell -a "yum repolist"
 [WARNING]: Consider using yum module rather than running yum

master3.fdc7.internal | SUCCESS | rc=0 >>
Loaded plugins: amazon-id, rhui-lb, search-disabled-repos, versionlock
repo id                                    repo name                      status
rh-gluster-3-client-for-rhel-7-server-rpms Red Hat Enterprise Linux Glust    183
rhel-7-fast-datapath-rpms                  Red Hat Enterprise Linux Fast     102
rhel-7-server-ansible-2.4-rpms             Red Hat Enterprise Linux Ansib     23
rhel-7-server-extras-rpms                  Red Hat Enterprise Linux 7 Ext    901
rhel-7-server-optional-rpms                Red Hat Enterprise Linux 7 Opt 15,307
rhel-7-server-ose-3.10-rpms                Red Hat Enterprise Linux 7 OSE    561
rhel-7-server-rh-common-rpms               Red Hat Enterprise Linux 7 Com    233
rhel-7-server-rpms                         Red Hat Enterprise Linux 7     20,920
repolist: 38,230

master2.fdc7.internal | SUCCESS | rc=0 >>
Loaded plugins: amazon-id, rhui-lb, search-disabled-repos, versionlock
repo id                                    repo name                      status
rh-gluster-3-client-for-rhel-7-server-rpms Red Hat Enterprise Linux Glust    183
rhel-7-fast-datapath-rpms                  Red Hat Enterprise Linux Fast     102
rhel-7-server-ansible-2.4-rpms             Red Hat Enterprise Linux Ansib     23
rhel-7-server-extras-rpms                  Red Hat Enterprise Linux 7 Ext    901
rhel-7-server-optional-rpms                Red Hat Enterprise Linux 7 Opt 15,307
rhel-7-server-ose-3.10-rpms                Red Hat Enterprise Linux 7 OSE    561
rhel-7-server-rh-common-rpms               Red Hat Enterprise Linux 7 Com    233
rhel-7-server-rpms                         Red Hat Enterprise Linux 7     20,920
repolist: 38,230

infranode1.fdc7.internal | SUCCESS | rc=0 >>
Loaded plugins: amazon-id, rhui-lb, search-disabled-repos, versionlock
repo id                                    repo name                      status
rh-gluster-3-client-for-rhel-7-server-rpms Red Hat Enterprise Linux Glust    183
rhel-7-fast-datapath-rpms                  Red Hat Enterprise Linux Fast     102
rhel-7-server-ansible-2.4-rpms             Red Hat Enterprise Linux Ansib     23
rhel-7-server-extras-rpms                  Red Hat Enterprise Linux 7 Ext    901
rhel-7-server-optional-rpms                Red Hat Enterprise Linux 7 Opt 15,307
rhel-7-server-ose-3.10-rpms                Red Hat Enterprise Linux 7 OSE    561
rhel-7-server-rh-common-rpms               Red Hat Enterprise Linux 7 Com    233
rhel-7-server-rpms                         Red Hat Enterprise Linux 7     20,920
repolist: 38,230

loadbalancer1.fdc7.internal | SUCCESS | rc=0 >>
Loaded plugins: amazon-id, rhui-lb, search-disabled-repos
repo id                                    repo name                      status
rh-gluster-3-client-for-rhel-7-server-rpms Red Hat Enterprise Linux Glust    183
rhel-7-fast-datapath-rpms                  Red Hat Enterprise Linux Fast     102
rhel-7-server-ansible-2.4-rpms             Red Hat Enterprise Linux Ansib     23
rhel-7-server-extras-rpms                  Red Hat Enterprise Linux 7 Ext    901
rhel-7-server-optional-rpms                Red Hat Enterprise Linux 7 Opt 15,307
rhel-7-server-ose-3.10-rpms                Red Hat Enterprise Linux 7 OSE    561
rhel-7-server-rh-common-rpms               Red Hat Enterprise Linux 7 Com    233
rhel-7-server-rpms                         Red Hat Enterprise Linux 7     20,920
repolist: 38,230

master1.fdc7.internal | SUCCESS | rc=0 >>
Loaded plugins: amazon-id, rhui-lb, search-disabled-repos, versionlock
repo id                                    repo name                      status
rh-gluster-3-client-for-rhel-7-server-rpms Red Hat Enterprise Linux Glust    183
rhel-7-fast-datapath-rpms                  Red Hat Enterprise Linux Fast     102
rhel-7-server-ansible-2.4-rpms             Red Hat Enterprise Linux Ansib     23
rhel-7-server-extras-rpms                  Red Hat Enterprise Linux 7 Ext    901
rhel-7-server-optional-rpms                Red Hat Enterprise Linux 7 Opt 15,307
rhel-7-server-ose-3.10-rpms                Red Hat Enterprise Linux 7 OSE    561
rhel-7-server-rh-common-rpms               Red Hat Enterprise Linux 7 Com    233
rhel-7-server-rpms                         Red Hat Enterprise Linux 7     20,920
repolist: 38,230

infranode2.fdc7.internal | SUCCESS | rc=0 >>
Loaded plugins: amazon-id, rhui-lb, search-disabled-repos, versionlock
repo id                                    repo name                      status
rh-gluster-3-client-for-rhel-7-server-rpms Red Hat Enterprise Linux Glust    183
rhel-7-fast-datapath-rpms                  Red Hat Enterprise Linux Fast     102
rhel-7-server-ansible-2.4-rpms             Red Hat Enterprise Linux Ansib     23
rhel-7-server-extras-rpms                  Red Hat Enterprise Linux 7 Ext    901
rhel-7-server-optional-rpms                Red Hat Enterprise Linux 7 Opt 15,307
rhel-7-server-ose-3.10-rpms                Red Hat Enterprise Linux 7 OSE    561
rhel-7-server-rh-common-rpms               Red Hat Enterprise Linux 7 Com    233
rhel-7-server-rpms                         Red Hat Enterprise Linux 7     20,920
repolist: 38,230

node2.fdc7.internal | SUCCESS | rc=0 >>
Loaded plugins: amazon-id, rhui-lb, search-disabled-repos, versionlock
repo id                                    repo name                      status
rh-gluster-3-client-for-rhel-7-server-rpms Red Hat Enterprise Linux Glust    183
rhel-7-fast-datapath-rpms                  Red Hat Enterprise Linux Fast     102
rhel-7-server-ansible-2.4-rpms             Red Hat Enterprise Linux Ansib     23
rhel-7-server-extras-rpms                  Red Hat Enterprise Linux 7 Ext    901
rhel-7-server-optional-rpms                Red Hat Enterprise Linux 7 Opt 15,307
rhel-7-server-ose-3.10-rpms                Red Hat Enterprise Linux 7 OSE    561
rhel-7-server-rh-common-rpms               Red Hat Enterprise Linux 7 Com    233
rhel-7-server-rpms                         Red Hat Enterprise Linux 7     20,920
repolist: 38,230

node1.fdc7.internal | SUCCESS | rc=0 >>
Loaded plugins: amazon-id, rhui-lb, search-disabled-repos, versionlock
repo id                                    repo name                      status
rh-gluster-3-client-for-rhel-7-server-rpms Red Hat Enterprise Linux Glust    183
rhel-7-fast-datapath-rpms                  Red Hat Enterprise Linux Fast     102
rhel-7-server-ansible-2.4-rpms             Red Hat Enterprise Linux Ansib     23
rhel-7-server-extras-rpms                  Red Hat Enterprise Linux 7 Ext    901
rhel-7-server-optional-rpms                Red Hat Enterprise Linux 7 Opt 15,307
rhel-7-server-ose-3.10-rpms                Red Hat Enterprise Linux 7 OSE    561
rhel-7-server-rh-common-rpms               Red Hat Enterprise Linux 7 Com    233
rhel-7-server-rpms                         Red Hat Enterprise Linux 7     20,920
repolist: 38,230

node4.fdc7.internal | SUCCESS | rc=0 >>
Loaded plugins: amazon-id, rhui-lb, search-disabled-repos, versionlock
repo id                                    repo name                      status
rh-gluster-3-client-for-rhel-7-server-rpms Red Hat Enterprise Linux Glust    183
rhel-7-fast-datapath-rpms                  Red Hat Enterprise Linux Fast     102
rhel-7-server-ansible-2.4-rpms             Red Hat Enterprise Linux Ansib     23
rhel-7-server-extras-rpms                  Red Hat Enterprise Linux 7 Ext    901
rhel-7-server-optional-rpms                Red Hat Enterprise Linux 7 Opt 15,307
rhel-7-server-ose-3.10-rpms                Red Hat Enterprise Linux 7 OSE    561
rhel-7-server-rh-common-rpms               Red Hat Enterprise Linux 7 Com    233
rhel-7-server-rpms                         Red Hat Enterprise Linux 7     20,920
repolist: 38,230

node3.fdc7.internal | SUCCESS | rc=0 >>
Loaded plugins: amazon-id, rhui-lb, search-disabled-repos, versionlock
repo id                                    repo name                      status
rh-gluster-3-client-for-rhel-7-server-rpms Red Hat Enterprise Linux Glust    183
rhel-7-fast-datapath-rpms                  Red Hat Enterprise Linux Fast     102
rhel-7-server-ansible-2.4-rpms             Red Hat Enterprise Linux Ansib     23
rhel-7-server-extras-rpms                  Red Hat Enterprise Linux 7 Ext    901
rhel-7-server-optional-rpms                Red Hat Enterprise Linux 7 Opt 15,307
rhel-7-server-ose-3.10-rpms                Red Hat Enterprise Linux 7 OSE    561
rhel-7-server-rh-common-rpms               Red Hat Enterprise Linux 7 Com    233
rhel-7-server-rpms                         Red Hat Enterprise Linux 7     20,920
repolist: 38,230

support1.fdc7.internal | SUCCESS | rc=0 >>
Loaded plugins: amazon-id, rhui-lb, search-disabled-repos
repo id                                    repo name                      status
rh-gluster-3-client-for-rhel-7-server-rpms Red Hat Enterprise Linux Glust    183
rhel-7-fast-datapath-rpms                  Red Hat Enterprise Linux Fast     102
rhel-7-server-ansible-2.4-rpms             Red Hat Enterprise Linux Ansib     23
rhel-7-server-extras-rpms                  Red Hat Enterprise Linux 7 Ext    901
rhel-7-server-optional-rpms                Red Hat Enterprise Linux 7 Opt 15,307
rhel-7-server-ose-3.10-rpms                Red Hat Enterprise Linux 7 OSE    561
rhel-7-server-rh-common-rpms               Red Hat Enterprise Linux 7 Com    233
rhel-7-server-rpms                         Red Hat Enterprise Linux 7     20,920
repolist: 38,230

[root@bastion ansible]# ansible nfs -m shell -a"exportfs"
support1.fdc7.internal | SUCCESS | rc=0 >>
/srv/nfs        <world>

[root@bastion ansible]# yum -y install atomic-openshift-utils atomic-openshift-clients
Loaded plugins: amazon-id, rhui-lb, search-disabled-repos
No package atomic-openshift-utils available.
Package atomic-openshift-clients-3.10.34-1.git.0.4a94911.el7.x86_64 already installed and latest version
Nothing to do
[root@bastion ansible]#
